

Mon Jun  6 22:10:33 2022
Command line: TestDisk

TestDisk 7.1, Data Recovery Utility, July 2019
Christophe GRENIER <grenier@cgsecurity.org>
https://www.cgsecurity.org
OS: Linux, kernel 5.14.0-1038-oem (#42-Ubuntu SMP Thu May 19 05:03:08 UTC 2022) x86_64
Compiler: GCC 9.2
ext2fs lib: 1.45.5, ntfs lib: libntfs-3g, reiserfs lib: none, ewf lib: none, curses lib: ncurses 6.1
User is not root!
Hard disk list


TestDisk exited normally.
Using locale 'en_AU.UTF-8'.


Mon Jun  6 22:10:33 2022
Command line: TestDisk /debug

TestDisk 7.1, Data Recovery Utility, July 2019
Christophe GRENIER <grenier@cgsecurity.org>
https://www.cgsecurity.org
OS: Linux, kernel 5.14.0-1038-oem (#42-Ubuntu SMP Thu May 19 05:03:08 UTC 2022) x86_64
Compiler: GCC 9.2
ext2fs lib: 1.45.5, ntfs lib: libntfs-3g, reiserfs lib: none, ewf lib: none, curses lib: ncurses 6.1
Warning: can't get size for Disk /dev/mapper/control - 0 B - 0 sectors, sector size=512
Warning: can't get size for Disk /dev/loop43 - 0 B - 0 sectors, sector size=512
Hard disk list
Disk /dev/mmcblk0 - 127 GB / 119 GiB - CHS 3902144 4 16, sector size=512
Disk /dev/sda - 2000 GB / 1862 GiB - CHS 243197 255 63, sector size=512 - WD Elements 2621, FW:1034
Disk /dev/mapper/luks-19b38d8b-a617-4919-9793-85683d1c1fed - 1199 GB / 1117 GiB - 2343747584 sectors, sector size=512
Disk /dev/mapper/luks-b2216440-1a34-4982-8d8b-9f9b46fe7f90 - 99 GB / 93 GiB - 195094528 sectors, sector size=512
Disk /dev/mapper/luks-c31ce422-b44c-4d31-bd1e-44bee5a95df6 - 800 GB / 745 GiB - 1563203584 sectors, sector size=512
Disk /dev/dm-0 - 99 GB / 93 GiB - 195094528 sectors, sector size=512
Disk /dev/dm-1 - 800 GB / 745 GiB - 1563203584 sectors, sector size=512
Disk /dev/dm-2 - 1199 GB / 1117 GiB - 2343747584 sectors, sector size=512
Disk /dev/loop0 - 195 MB / 186 MiB - 381800 sectors (RO), sector size=512
Disk /dev/loop1 - 207 MB / 198 MiB - 405528 sectors (RO), sector size=512
Disk /dev/loop10 - 229 MB / 219 MiB - 448512 sectors (RO), sector size=512
Disk /dev/loop11 - 170 MB / 162 MiB - 333552 sectors (RO), sector size=512
Disk /dev/loop12 - 229 MB / 219 MiB - 448512 sectors (RO), sector size=512
Disk /dev/loop13 - 85 MB / 81 MiB - 166424 sectors (RO), sector size=512
Disk /dev/loop14 - 260 MB / 248 MiB - 509456 sectors (RO), sector size=512
Disk /dev/loop15 - 143 KB / 140 KiB - 280 sectors (RO), sector size=512
Disk /dev/loop16 - 68 MB / 65 MiB - 133552 sectors (RO), sector size=512
Disk /dev/loop17 - 418 MB / 399 MiB - 818008 sectors (RO), sector size=512
Disk /dev/loop18 - 157 MB / 150 MiB - 307544 sectors (RO), sector size=512
Disk /dev/loop19 - 239 MB / 228 MiB - 467528 sectors (RO), sector size=512
Disk /dev/loop2 - 195 MB / 186 MiB - 382776 sectors (RO), sector size=512
Disk /dev/loop20 - 53 MB / 50 MiB - 104360 sectors (RO), sector size=512
Disk /dev/loop21 - 46 MB / 44 MiB - 91496 sectors (RO), sector size=512
Disk /dev/loop22 - 458 MB / 436 MiB - 894848 sectors (RO), sector size=512
Disk /dev/loop23 - 46 MB / 44 MiB - 91544 sectors (RO), sector size=512
Disk /dev/loop24 - 110 MB / 105 MiB - 216360 sectors (RO), sector size=512
Disk /dev/loop25 - 239 MB / 228 MiB - 467528 sectors (RO), sector size=512
Disk /dev/loop26 - 108 MB / 103 MiB - 211240 sectors (RO), sector size=512
Disk /dev/loop27 - 56 MB / 54 MiB - 111080 sectors (RO), sector size=512
Disk /dev/loop28 - 266 MB / 254 MiB - 520384 sectors (RO), sector size=512
Disk /dev/loop29 - 195 MB / 186 MiB - 382784 sectors (RO), sector size=512
Disk /dev/loop3 - 4096 B - 8 sectors (RO), sector size=512
Disk /dev/loop30 - 225 MB / 215 MiB - 441048 sectors (RO), sector size=512
Disk /dev/loop31 - 115 MB / 110 MiB - 226536 sectors (RO), sector size=512
Disk /dev/loop32 - 58 MB / 55 MiB - 113736 sectors (RO), sector size=512
Disk /dev/loop33 - 117 MB / 111 MiB - 228816 sectors (RO), sector size=512
Disk /dev/loop34 - 339 MB / 323 MiB - 662544 sectors (RO), sector size=512
Disk /dev/loop35 - 64 MB / 61 MiB - 126808 sectors (RO), sector size=512
Disk /dev/loop36 - 116 MB / 111 MiB - 228408 sectors (RO), sector size=512
Disk /dev/loop37 - 379 MB / 362 MiB - 741712 sectors (RO), sector size=512
Disk /dev/loop38 - 24 MB / 23 MiB - 48288 sectors (RO), sector size=512
Disk /dev/loop39 - 310 MB / 295 MiB - 605624 sectors (RO), sector size=512
Disk /dev/loop4 - 225 MB / 215 MiB - 441064 sectors (RO), sector size=512
Disk /dev/loop40 - 309 MB / 295 MiB - 605408 sectors (RO), sector size=512
Disk /dev/loop41 - 24 MB / 23 MiB - 48280 sectors (RO), sector size=512
Disk /dev/loop42 - 60 MB / 58 MiB - 118944 sectors (RO), sector size=512
Disk /dev/loop5 - 458 MB / 437 MiB - 895768 sectors (RO), sector size=512
Disk /dev/loop6 - 58 MB / 55 MiB - 113696 sectors (RO), sector size=512
Disk /dev/loop7 - 64 MB / 61 MiB - 126776 sectors (RO), sector size=512
Disk /dev/loop8 - 16 MB / 16 MiB - 33136 sectors (RO), sector size=512
Disk /dev/loop9 - 172 MB / 164 MiB - 337424 sectors (RO), sector size=512
Disk /dev/nvme0n1 - 1024 GB / 953 GiB - CHS 976762 64 32, sector size=512

Partition table type (auto): None
Disk /dev/mapper/luks-b2216440-1a34-4982-8d8b-9f9b46fe7f90 - 99 GB / 93 GiB
Partition table type: None

Interface Advanced

recover_EXT2: s_block_group_nr=0/744, s_mnt_count=261/4294967295, s_blocks_per_group=32768, s_inodes_per_group=8192
recover_EXT2: s_blocksize=4096
recover_EXT2: s_blocks_count 24386816
recover_EXT2: part_size 195094528
Filesystem created: Thu Apr 22 14:16:07 2021
Last mount time:    Sun Jun  5 18:35:57 2022
   P ext4                           0  195094527  195094528 [Uverlin]
     ext4 blocksize=4096 Large_file Sparse_SB Recover, 99 GB / 93 GiB
search_superblock

recover_EXT2: s_block_group_nr=0/744, s_mnt_count=261/4294967295, s_blocks_per_group=32768, s_inodes_per_group=8192
recover_EXT2: s_blocksize=4096
recover_EXT2: s_blocks_count 24386816
recover_EXT2: part_size 195094528
Filesystem created: Thu Apr 22 14:16:07 2021
Last mount time:    Sun Jun  5 18:35:57 2022
Ext2 superblock found at sector 2 (block=0, blocksize=4096)

block_group_nr 1

recover_EXT2: "e2fsck -b 32768 -B 4096 device" may be needed
recover_EXT2: s_block_group_nr=1/744, s_mnt_count=0/4294967295, s_blocks_per_group=32768, s_inodes_per_group=8192
recover_EXT2: s_blocksize=4096
recover_EXT2: s_blocks_count 24386816
recover_EXT2: part_size 195094528
Filesystem created: Thu Apr 22 14:16:07 2021
Ext2 superblock found at sector 262144 (block=32768, blocksize=4096)

block_group_nr 3

recover_EXT2: "e2fsck -b 98304 -B 4096 device" may be needed
recover_EXT2: s_block_group_nr=3/744, s_mnt_count=0/4294967295, s_blocks_per_group=32768, s_inodes_per_group=8192
recover_EXT2: s_blocksize=4096
recover_EXT2: s_blocks_count 24386816
recover_EXT2: part_size 195094528
Filesystem created: Thu Apr 22 14:16:07 2021
Ext2 superblock found at sector 786432 (block=98304, blocksize=4096)

block_group_nr 5

recover_EXT2: "e2fsck -b 163840 -B 4096 device" may be needed
recover_EXT2: s_block_group_nr=5/744, s_mnt_count=0/4294967295, s_blocks_per_group=32768, s_inodes_per_group=8192
recover_EXT2: s_blocksize=4096
recover_EXT2: s_blocks_count 24386816
recover_EXT2: part_size 195094528
Filesystem created: Thu Apr 22 14:16:07 2021
Ext2 superblock found at sector 1310720 (block=163840, blocksize=4096)

block_group_nr 7

recover_EXT2: "e2fsck -b 229376 -B 4096 device" may be needed
recover_EXT2: s_block_group_nr=7/744, s_mnt_count=0/4294967295, s_blocks_per_group=32768, s_inodes_per_group=8192
recover_EXT2: s_blocksize=4096
recover_EXT2: s_blocks_count 24386816
recover_EXT2: part_size 195094528
Filesystem created: Thu Apr 22 14:16:07 2021
Ext2 superblock found at sector 1835008 (block=229376, blocksize=4096)

block_group_nr 9

recover_EXT2: "e2fsck -b 294912 -B 4096 device" may be needed
recover_EXT2: s_block_group_nr=9/744, s_mnt_count=0/4294967295, s_blocks_per_group=32768, s_inodes_per_group=8192
recover_EXT2: s_blocksize=4096
recover_EXT2: s_blocks_count 24386816
recover_EXT2: part_size 195094528
Filesystem created: Thu Apr 22 14:16:07 2021
Ext2 superblock found at sector 2359296 (block=294912, blocksize=4096)

block_group_nr 25

recover_EXT2: "e2fsck -b 819200 -B 4096 device" may be needed
recover_EXT2: s_block_group_nr=25/744, s_mnt_count=0/4294967295, s_blocks_per_group=32768, s_inodes_per_group=8192
recover_EXT2: s_blocksize=4096
recover_EXT2: s_blocks_count 24386816
recover_EXT2: part_size 195094528
Filesystem created: Thu Apr 22 14:16:07 2021
Ext2 superblock found at sector 6553600 (block=819200, blocksize=4096)

block_group_nr 27

recover_EXT2: "e2fsck -b 884736 -B 4096 device" may be needed
recover_EXT2: s_block_group_nr=27/744, s_mnt_count=0/4294967295, s_blocks_per_group=32768, s_inodes_per_group=8192
recover_EXT2: s_blocksize=4096
recover_EXT2: s_blocks_count 24386816
recover_EXT2: part_size 195094528
Filesystem created: Thu Apr 22 14:16:07 2021
Ext2 superblock found at sector 7077888 (block=884736, blocksize=4096)

block_group_nr 49

recover_EXT2: "e2fsck -b 1605632 -B 4096 device" may be needed
recover_EXT2: s_block_group_nr=49/744, s_mnt_count=0/4294967295, s_blocks_per_group=32768, s_inodes_per_group=8192
recover_EXT2: s_blocksize=4096
recover_EXT2: s_blocks_count 24386816
recover_EXT2: part_size 195094528
Filesystem created: Thu Apr 22 14:16:07 2021
Ext2 superblock found at sector 12845056 (block=1605632, blocksize=4096)

block_group_nr 81

recover_EXT2: "e2fsck -b 2654208 -B 4096 device" may be needed
recover_EXT2: s_block_group_nr=81/744, s_mnt_count=0/4294967295, s_blocks_per_group=32768, s_inodes_per_group=8192
recover_EXT2: s_blocksize=4096
recover_EXT2: s_blocks_count 24386816
recover_EXT2: part_size 195094528
Filesystem created: Thu Apr 22 14:16:07 2021
Ext2 superblock found at sector 21233664 (block=2654208, blocksize=4096)
  ext4                           0  195094527  195094528 [Uverlin]
superblock 0, blocksize=4096 [Uverlin]
superblock 32768, blocksize=4096 [Uverlin]
superblock 98304, blocksize=4096 [Uverlin]
superblock 163840, blocksize=4096 [Uverlin]
superblock 229376, blocksize=4096 [Uverlin]
superblock 294912, blocksize=4096 [Uverlin]
superblock 819200, blocksize=4096 [Uverlin]
superblock 884736, blocksize=4096 [Uverlin]
superblock 1605632, blocksize=4096 [Uverlin]
superblock 2654208, blocksize=4096 [Uverlin]

To repair the filesystem using alternate superblock, run
fsck.ext4 -p -b superblock -B blocksize device
Change partition type:
   P ext4                           0  195094527  195094528 [Uverlin]
     ext4 blocksize=4096 Large_file Sparse_SB Recover, 99 GB / 93 GiB

Interface Advanced

recover_EXT2: s_block_group_nr=0/744, s_mnt_count=261/4294967295, s_blocks_per_group=32768, s_inodes_per_group=8192
recover_EXT2: s_blocksize=4096
recover_EXT2: s_blocks_count 24386816
recover_EXT2: part_size 195094528
Filesystem created: Thu Apr 22 14:16:07 2021
Last mount time:    Sun Jun  5 18:35:57 2022
   P ext4                           0  195094527  195094528 [Uverlin]
     ext4 blocksize=4096 Large_file Sparse_SB Recover, 99 GB / 93 GiB


dir_partition inode=2
   P ext4                           0  195094527  195094528 [Uverlin]
     ext4 blocksize=4096 Large_file Sparse_SB Recover, 99 GB / 93 GiB
Directory /
       2 drwxrwxr-x  1000   1000      4096  5-Jun-2022 18:38 .
       2 drwxrwxr-x  1000   1000      4096  5-Jun-2022 18:38 ..
  658697 drwx------  1000   1000      4096 30-May-2022 14:54 .Trash-1000
 4852376 drwxrwxr-x  1000   1000      4096  8-May-2022 18:06 Teaching
 5373953 drwxrwxr-x  1000   1000      4096  6-Jun-2022 18:23 Programming
 4063233 drwxrwxr-x  1000   1000      4096 17-Mar-2021 17:17 Software Settings
    1210 -rwxrwxrwx  1000   1000   2162688  3-Jun-2022 16:54 Resources.ctb
    1213 -rwxrwxrwx  1000   1000   2162688  3-Jun-2022 16:54 Resources.ctb~
    1644 -rwxrwxrwx  1000   1000   2162688  2-Jun-2022 21:43 Resources.ctb~~
    1216 -rwxrwxrwx  1000   1000   2162688 30-May-2022 08:46 Resources.ctb~~~
 5114599 drwxrwxr-x  1000   1000      4096  3-Mar-2022 11:30 PinePhone
 1572865 drwxrwxr-x  1000   1000      4096 12-Jun-2021 08:07 DC-Archive
 4852372 drwxrwxr-x  1000   1000      4096  1-Jun-2022 06:21 Videos
 4852374 drwxrwxr-x  1000   1000      4096  6-Jun-2022 11:21 Website
 1441793 drwxrwxr-x  1000   1000      4096  5-Jan-2021 07:03 Original-Prusa-i3-MK3S+
 1179649 drwxrwxr-x  1000   1000      4096 19-Oct-2021 08:57 3D-Printing
    1211 -rw-r--r--     0      0 8005877760 22-Mar-2022 20:09 windows-10-bootable.iso
      11 -rw-rw-r--  1000   1000    865732 25-Jul-2021 21:29 Circuits.blend
SIGHUP detected! TestDisk has been killed.
